To honour the JVM settings for this build a single-use Daemon process will be forked. For more on this, please refer to https://docs.gradle.org/9.3.1/userguide/gradle_daemon.html#sec:disabling_the_daemon in the Gradle documentation.
Daemon will be stopped at the end of the build 

> Configure project :app
WARNING: The option setting 'android.usesSdkInManifest.disallowed=false' is deprecated.
The current default is 'true'.
It will be removed in version 10.0 of the Android Gradle plugin.
WARNING: The option setting 'android.sdk.defaultTargetSdkToCompileSdkIfUnset=false' is deprecated.
The current default is 'true'.
It will be removed in version 10.0 of the Android Gradle plugin.
WARNING: The option setting 'android.enableAppCompileTimeRClass=false' is deprecated.
The current default is 'true'.
It will be removed in version 10.0 of the Android Gradle plugin.
WARNING: The option setting 'android.builtInKotlin=false' is deprecated.
The current default is 'true'.
It will be removed in version 10.0 of the Android Gradle plugin.
WARNING: The option setting 'android.newDsl=false' is deprecated.
The current default is 'true'.
It will be removed in version 10.0 of the Android Gradle plugin.
WARNING: The option setting 'android.r8.optimizedResourceShrinking=false' is deprecated.
The current default is 'true'.
It will be removed in version 10.0 of the Android Gradle plugin.
WARNING: The option setting 'android.defaults.buildfeatures.resvalues=true' is deprecated.
The current default is 'false'.
It will be removed in version 10.0 of the Android Gradle plugin.
WARNING: The option setting 'android.enableJetifier=true' is deprecated.
The current default is 'false'.
It will be removed in version 10.0 of the Android Gradle plugin.
WARNING: The property android.dependency.excludeLibraryComponentsFromConstraints improves project import performance for very large projects. It should be enabled to improve performance.
To suppress this warning, add android.generateSyncIssueWhenLibraryConstraintsAreEnabled=false to gradle.properties
WARNING: The property android.dependency.excludeLibraryComponentsFromConstraints improves project import performance for very large projects. It should be enabled to improve performance.
To suppress this warning, add android.generateSyncIssueWhenLibraryConstraintsAreEnabled=false to gradle.properties
WARNING: The property android.dependency.excludeLibraryComponentsFromConstraints improves project import performance for very large projects. It should be enabled to improve performance.
To suppress this warning, add android.generateSyncIssueWhenLibraryConstraintsAreEnabled=false to gradle.properties
WARNING: The property android.dependency.excludeLibraryComponentsFromConstraints improves project import performance for very large projects. It should be enabled to improve performance.
To suppress this warning, add android.generateSyncIssueWhenLibraryConstraintsAreEnabled=false to gradle.properties
WARNING: The property android.dependency.excludeLibraryComponentsFromConstraints improves project import performance for very large projects. It should be enabled to improve performance.
To suppress this warning, add android.generateSyncIssueWhenLibraryConstraintsAreEnabled=false to gradle.properties
WARNING: The property android.dependency.excludeLibraryComponentsFromConstraints improves project import performance for very large projects. It should be enabled to improve performance.
To suppress this warning, add android.generateSyncIssueWhenLibraryConstraintsAreEnabled=false to gradle.properties
WARNING: The property android.dependency.excludeLibraryComponentsFromConstraints improves project import performance for very large projects. It should be enabled to improve performance.
To suppress this warning, add android.generateSyncIssueWhenLibraryConstraintsAreEnabled=false to gradle.properties

> Configure project :environment-control-v1
WARNING: The property android.dependency.excludeLibraryComponentsFromConstraints improves project import performance for very large projects. It should be enabled to improve performance.
To suppress this warning, add android.generateSyncIssueWhenLibraryConstraintsAreEnabled=false to gradle.properties
WARNING: The property android.dependency.excludeLibraryComponentsFromConstraints improves project import performance for very large projects. It should be enabled to improve performance.
To suppress this warning, add android.generateSyncIssueWhenLibraryConstraintsAreEnabled=false to gradle.properties
WARNING: The property android.dependency.excludeLibraryComponentsFromConstraints improves project import performance for very large projects. It should be enabled to improve performance.
To suppress this warning, add android.generateSyncIssueWhenLibraryConstraintsAreEnabled=false to gradle.properties
WARNING: The property android.dependency.excludeLibraryComponentsFromConstraints improves project import performance for very large projects. It should be enabled to improve performance.
To suppress this warning, add android.generateSyncIssueWhenLibraryConstraintsAreEnabled=false to gradle.properties

> Task :app:preBuild UP-TO-DATE
> Task :app:preDebugBuild UP-TO-DATE
> Task :environment-control-v1:preBuild UP-TO-DATE
> Task :environment-control-v1:preDebugBuild UP-TO-DATE
> Task :environment-control-v1:compileDebugAidl UP-TO-DATE
> Task :app:compileDebugAidl UP-TO-DATE
> Task :app:checkKotlinGradlePluginConfigurationErrors SKIPPED
> Task :app:generateDebugBuildConfig UP-TO-DATE
> Task :environment-control-v1:writeDebugAarMetadata UP-TO-DATE
> Task :app:checkDebugAarMetadata UP-TO-DATE
> Task :app:generateDebugResValues UP-TO-DATE
> Task :app:mapDebugSourceSetPaths UP-TO-DATE
> Task :environment-control-v1:processDebugNavigationResources UP-TO-DATE
> Task :app:processDebugNavigationResources UP-TO-DATE
> Task :app:compileDebugNavigationResources UP-TO-DATE
> Task :app:generateDebugResources UP-TO-DATE
> Task :environment-control-v1:generateDebugResValues UP-TO-DATE
> Task :environment-control-v1:generateDebugResources UP-TO-DATE
> Task :environment-control-v1:packageDebugResources UP-TO-DATE
> Task :app:mergeDebugResources UP-TO-DATE
> Task :app:packageDebugResources UP-TO-DATE
> Task :app:parseDebugLocalResources UP-TO-DATE
> Task :app:createDebugCompatibleScreenManifests UP-TO-DATE
> Task :app:extractDeepLinksDebug UP-TO-DATE
> Task :environment-control-v1:extractDeepLinksDebug UP-TO-DATE
> Task :environment-control-v1:processDebugManifest UP-TO-DATE
> Task :app:processDebugMainManifest UP-TO-DATE
> Task :app:processDebugManifest UP-TO-DATE
> Task :app:processDebugManifestForPackage UP-TO-DATE
> Task :environment-control-v1:mapDebugSourceSetPaths UP-TO-DATE
> Task :environment-control-v1:compileDebugLibraryResources UP-TO-DATE
> Task :environment-control-v1:parseDebugLocalResources UP-TO-DATE
> Task :environment-control-v1:generateDebugRFile UP-TO-DATE
> Task :app:processDebugResources UP-TO-DATE
> Task :environment-control-v1:checkKotlinGradlePluginConfigurationErrors SKIPPED
> Task :environment-control-v1:compileDebugKotlin UP-TO-DATE
> Task :environment-control-v1:javaPreCompileDebug UP-TO-DATE
> Task :environment-control-v1:compileDebugJavaWithJavac UP-TO-DATE
> Task :environment-control-v1:bundleLibCompileToJarDebug UP-TO-DATE
> Task :app:javaPreCompileDebug UP-TO-DATE
> Task :app:preDebugUnitTestBuild UP-TO-DATE
> Task :app:javaPreCompileDebugUnitTest UP-TO-DATE
> Task :environment-control-v1:bundleLibRuntimeToJarDebug UP-TO-DATE
> Task :environment-control-v1:processDebugJavaRes UP-TO-DATE
> Task :app:preCodexBenchBuild UP-TO-DATE
> Task :app:compileCodexBenchAidl UP-TO-DATE
> Task :app:generateCodexBenchBuildConfig UP-TO-DATE
> Task :app:checkCodexBenchAarMetadata UP-TO-DATE
> Task :app:generateCodexBenchResValues UP-TO-DATE
> Task :app:mapCodexBenchSourceSetPaths UP-TO-DATE
> Task :app:processCodexBenchNavigationResources UP-TO-DATE
> Task :app:compileCodexBenchNavigationResources UP-TO-DATE
> Task :app:generateCodexBenchResources UP-TO-DATE
> Task :app:mergeCodexBenchResources UP-TO-DATE
> Task :app:packageCodexBenchResources UP-TO-DATE
> Task :app:parseCodexBenchLocalResources UP-TO-DATE
> Task :app:createCodexBenchCompatibleScreenManifests UP-TO-DATE
> Task :app:extractDeepLinksCodexBench UP-TO-DATE
> Task :app:processCodexBenchMainManifest UP-TO-DATE
> Task :app:processCodexBenchManifest UP-TO-DATE
> Task :app:processCodexBenchManifestForPackage UP-TO-DATE
> Task :app:processCodexBenchResources UP-TO-DATE
> Task :app:javaPreCompileCodexBench UP-TO-DATE
> Task :app:preCodexBenchUnitTestBuild UP-TO-DATE
> Task :app:javaPreCompileCodexBenchUnitTest UP-TO-DATE
> Task :app:buildKotlinToolingMetadata UP-TO-DATE
> Task :app:preReleaseBuild UP-TO-DATE
> Task :environment-control-v1:preReleaseBuild UP-TO-DATE
> Task :environment-control-v1:compileReleaseAidl UP-TO-DATE
> Task :app:compileReleaseAidl UP-TO-DATE
> Task :app:generateReleaseBuildConfig UP-TO-DATE
> Task :environment-control-v1:writeReleaseAarMetadata UP-TO-DATE
> Task :app:checkReleaseAarMetadata UP-TO-DATE
> Task :app:generateReleaseResValues UP-TO-DATE
> Task :app:mapReleaseSourceSetPaths UP-TO-DATE
> Task :environment-control-v1:processReleaseNavigationResources UP-TO-DATE
> Task :app:processReleaseNavigationResources UP-TO-DATE
> Task :app:compileReleaseNavigationResources UP-TO-DATE
> Task :app:generateReleaseResources UP-TO-DATE
> Task :environment-control-v1:generateReleaseResValues UP-TO-DATE
> Task :environment-control-v1:generateReleaseResources UP-TO-DATE
> Task :environment-control-v1:packageReleaseResources UP-TO-DATE
> Task :app:mergeReleaseResources UP-TO-DATE
> Task :app:packageReleaseResources UP-TO-DATE
> Task :app:parseReleaseLocalResources UP-TO-DATE
> Task :app:createReleaseCompatibleScreenManifests UP-TO-DATE
> Task :app:extractDeepLinksRelease UP-TO-DATE
> Task :environment-control-v1:extractDeepLinksRelease UP-TO-DATE
> Task :environment-control-v1:processReleaseManifest UP-TO-DATE
> Task :app:processReleaseMainManifest UP-TO-DATE
> Task :app:processReleaseManifest UP-TO-DATE
> Task :app:processReleaseManifestForPackage UP-TO-DATE
> Task :environment-control-v1:mapReleaseSourceSetPaths UP-TO-DATE
> Task :environment-control-v1:compileReleaseLibraryResources UP-TO-DATE
> Task :environment-control-v1:parseReleaseLocalResources UP-TO-DATE
> Task :environment-control-v1:generateReleaseRFile UP-TO-DATE
> Task :app:processReleaseResources UP-TO-DATE
> Task :environment-control-v1:compileReleaseKotlin UP-TO-DATE
> Task :environment-control-v1:javaPreCompileRelease UP-TO-DATE
> Task :environment-control-v1:compileReleaseJavaWithJavac UP-TO-DATE
> Task :environment-control-v1:bundleLibCompileToJarRelease UP-TO-DATE
> Task :app:javaPreCompileRelease UP-TO-DATE
> Task :app:preReleaseUnitTestBuild UP-TO-DATE
> Task :app:javaPreCompileReleaseUnitTest UP-TO-DATE
> Task :environment-control-v1:bundleLibRuntimeToJarRelease UP-TO-DATE
> Task :environment-control-v1:processReleaseJavaRes UP-TO-DATE
> Task :app:mergeDebugNativeDebugMetadata NO-SOURCE
> Task :app:generateDebugAssets UP-TO-DATE
> Task :environment-control-v1:generateDebugAssets UP-TO-DATE
> Task :environment-control-v1:mergeDebugAssets UP-TO-DATE
> Task :app:mergeDebugAssets UP-TO-DATE
> Task :app:compressDebugAssets UP-TO-DATE
> Task :app:desugarDebugFileDependencies UP-TO-DATE
> Task :app:checkDebugDuplicateClasses UP-TO-DATE
> Task :app:mergeExtDexDebug UP-TO-DATE
> Task :environment-control-v1:bundleLibRuntimeToDirDebug UP-TO-DATE
> Task :app:mergeDebugJniLibFolders UP-TO-DATE
> Task :environment-control-v1:mergeDebugJniLibFolders UP-TO-DATE
> Task :environment-control-v1:mergeDebugNativeLibs NO-SOURCE
> Task :environment-control-v1:copyDebugJniLibsProjectOnly UP-TO-DATE
> Task :app:mergeDebugNativeLibs UP-TO-DATE
> Task :app:mergeLibDexDebug UP-TO-DATE
> Task :app:stripDebugDebugSymbols UP-TO-DATE
> Task :app:validateSigningDebug UP-TO-DATE
> Task :app:writeDebugAppMetadata UP-TO-DATE
> Task :app:writeDebugSigningConfigVersions UP-TO-DATE
> Task :app:mergeCodexBenchNativeDebugMetadata NO-SOURCE
> Task :app:generateCodexBenchAssets UP-TO-DATE
> Task :app:mergeCodexBenchAssets UP-TO-DATE
> Task :app:compressCodexBenchAssets UP-TO-DATE
> Task :app:desugarCodexBenchFileDependencies UP-TO-DATE
> Task :app:checkCodexBenchDuplicateClasses UP-TO-DATE
> Task :app:mergeExtDexCodexBench UP-TO-DATE
> Task :app:mergeLibDexCodexBench UP-TO-DATE
> Task :app:mergeCodexBenchJniLibFolders UP-TO-DATE
> Task :app:mergeCodexBenchNativeLibs UP-TO-DATE
> Task :app:stripCodexBenchDebugSymbols UP-TO-DATE
> Task :app:validateSigningCodexBench UP-TO-DATE
> Task :app:writeCodexBenchAppMetadata UP-TO-DATE
> Task :app:writeCodexBenchSigningConfigVersions UP-TO-DATE
> Task :app:mergeReleaseJniLibFolders UP-TO-DATE
> Task :environment-control-v1:mergeReleaseJniLibFolders UP-TO-DATE
> Task :environment-control-v1:mergeReleaseNativeLibs NO-SOURCE
> Task :environment-control-v1:copyReleaseJniLibsProjectOnly UP-TO-DATE
> Task :app:mergeReleaseNativeLibs UP-TO-DATE
> Task :app:stripReleaseDebugSymbols UP-TO-DATE
> Task :app:extractReleaseNativeSymbolTables UP-TO-DATE
> Task :app:mergeReleaseNativeDebugMetadata NO-SOURCE
> Task :environment-control-v1:mergeReleaseGeneratedProguardFiles UP-TO-DATE
> Task :environment-control-v1:exportReleaseConsumerProguardFiles UP-TO-DATE
> Task :app:checkReleaseDuplicateClasses UP-TO-DATE
> Task :environment-control-v1:prepareReleaseArtProfile UP-TO-DATE
> Task :app:mergeReleaseArtProfile UP-TO-DATE
> Task :app:extractProguardFiles UP-TO-DATE
> Task :app:mergeReleaseStartupProfile UP-TO-DATE
> Task :app:generateReleaseAssets UP-TO-DATE
> Task :environment-control-v1:generateReleaseAssets UP-TO-DATE
> Task :environment-control-v1:mergeReleaseAssets UP-TO-DATE
> Task :app:mergeReleaseAssets UP-TO-DATE
> Task :app:compressReleaseAssets UP-TO-DATE
> Task :app:extractReleaseVersionControlInfo UP-TO-DATE
> Task :environment-control-v1:createFullJarRelease UP-TO-DATE
> Task :environment-control-v1:extractProguardFiles UP-TO-DATE
> Task :environment-control-v1:generateReleaseLintModel UP-TO-DATE
> Task :environment-control-v1:prepareLintJarForPublish UP-TO-DATE
> Task :environment-control-v1:checkReleaseAarMetadata UP-TO-DATE
> Task :environment-control-v1:stripReleaseDebugSymbols NO-SOURCE
> Task :environment-control-v1:copyReleaseJniLibsProjectAndLocalJars UP-TO-DATE
> Task :environment-control-v1:extractDeepLinksForAarRelease UP-TO-DATE
> Task :environment-control-v1:extractReleaseAnnotations UP-TO-DATE
> Task :environment-control-v1:mergeReleaseConsumerProguardFiles UP-TO-DATE
> Task :environment-control-v1:mergeReleaseJavaResource UP-TO-DATE
> Task :environment-control-v1:syncReleaseLibJars UP-TO-DATE
> Task :environment-control-v1:bundleReleaseLocalLintAar UP-TO-DATE
> Task :environment-control-v1:lintVitalAnalyzeRelease UP-TO-DATE
> Task :environment-control-v1:writeReleaseLintModelMetadata UP-TO-DATE
> Task :environment-control-v1:generateReleaseLintVitalModel UP-TO-DATE
> Task :app:collectReleaseDependencies UP-TO-DATE
> Task :app:sdkReleaseDependencyData UP-TO-DATE
> Task :app:validateSigningRelease UP-TO-DATE
> Task :app:writeReleaseAppMetadata UP-TO-DATE
> Task :app:writeReleaseSigningConfigVersions UP-TO-DATE
> Task :app:preDebugAndroidTestBuild SKIPPED
> Task :app:compileDebugAndroidTestAidl NO-SOURCE
> Task :app:processDebugAndroidTestManifest UP-TO-DATE
> Task :app:generateDebugAndroidTestBuildConfig UP-TO-DATE
> Task :app:checkDebugAndroidTestAarMetadata UP-TO-DATE
> Task :app:generateDebugAndroidTestResValues UP-TO-DATE
> Task :app:mapDebugAndroidTestSourceSetPaths UP-TO-DATE
> Task :app:processDebugAndroidTestNavigationResources UP-TO-DATE
> Task :app:compileDebugAndroidTestNavigationResources UP-TO-DATE
> Task :app:generateDebugAndroidTestResources UP-TO-DATE
> Task :app:mergeDebugAndroidTestResources UP-TO-DATE
> Task :app:processDebugAndroidTestResources UP-TO-DATE
> Task :app:javaPreCompileDebugAndroidTest UP-TO-DATE
> Task :app:generateDebugAndroidTestAssets UP-TO-DATE
> Task :app:mergeDebugAndroidTestAssets UP-TO-DATE
> Task :app:compressDebugAndroidTestAssets UP-TO-DATE
> Task :app:desugarDebugAndroidTestFileDependencies UP-TO-DATE
> Task :app:checkDebugAndroidTestDuplicateClasses UP-TO-DATE
> Task :app:mergeExtDexDebugAndroidTest UP-TO-DATE
> Task :app:mergeLibDexDebugAndroidTest UP-TO-DATE
> Task :app:mergeDebugAndroidTestJniLibFolders UP-TO-DATE
> Task :app:mergeDebugAndroidTestNativeLibs NO-SOURCE
> Task :app:stripDebugAndroidTestDebugSymbols NO-SOURCE
> Task :app:validateSigningDebugAndroidTest UP-TO-DATE
> Task :app:writeDebugAndroidTestSigningConfigVersions UP-TO-DATE
> Task :app:kspCodexBenchKotlin
> Task :app:kspReleaseKotlin
> Task :app:kspDebugKotlin
> Task :app:compileCodexBenchKotlin
> Task :app:compileReleaseKotlin
> Task :app:compileDebugKotlin
> Task :app:compileCodexBenchJavaWithJavac UP-TO-DATE
> Task :app:compileDebugJavaWithJavac UP-TO-DATE
> Task :app:processDebugJavaRes
> Task :app:processCodexBenchJavaRes
> Task :app:bundleDebugClassesToCompileJar
> Task :app:bundleDebugClassesToRuntimeJar
> Task :app:bundleCodexBenchClassesToRuntimeJar
> Task :app:bundleCodexBenchClassesToCompileJar
> Task :app:compileReleaseJavaWithJavac UP-TO-DATE
> Task :app:processReleaseJavaRes
> Task :app:bundleReleaseClassesToRuntimeJar
> Task :app:bundleReleaseClassesToCompileJar
> Task :app:kspDebugUnitTestKotlin
> Task :app:kspCodexBenchUnitTestKotlin
> Task :app:dexBuilderDebug
> Task :app:compileDebugUnitTestKotlin
> Task :app:compileCodexBenchUnitTestKotlin
> Task :app:compileDebugUnitTestJavaWithJavac UP-TO-DATE
> Task :app:processDebugUnitTestJavaRes UP-TO-DATE
> Task :app:kspReleaseUnitTestKotlin
> Task :app:testDebugUnitTest
> Task :app:compileCodexBenchUnitTestJavaWithJavac UP-TO-DATE
> Task :app:processCodexBenchUnitTestJavaRes UP-TO-DATE
> Task :app:testCodexBenchUnitTest
> Task :app:mergeDebugGlobalSynthetics UP-TO-DATE
> Task :app:mergeProjectDexDebug
> Task :app:compileReleaseUnitTestKotlin
> Task :app:mergeDebugJavaResource
> Task :app:dexBuilderCodexBench
> Task :app:compileReleaseUnitTestJavaWithJavac UP-TO-DATE
> Task :app:processReleaseUnitTestJavaRes UP-TO-DATE
> Task :app:testReleaseUnitTest
> Task :app:mergeCodexBenchGlobalSynthetics UP-TO-DATE
> Task :app:mergeReleaseGeneratedProguardFiles UP-TO-DATE
> Task :app:mergeProjectDexCodexBench
> Task :app:generateReleaseLintVitalReportModel
> Task :app:mergeCodexBenchJavaResource
> Task :app:mergeReleaseJavaResource
> Task :app:packageDebug
> Task :app:createDebugApkListingFileRedirect UP-TO-DATE
> Task :app:assembleDebug
> Task :app:packageCodexBench
> Task :app:createCodexBenchApkListingFileRedirect UP-TO-DATE
> Task :app:assembleCodexBench
> Task :app:expandReleaseArtProfileWildcards
> Task :app:kspDebugAndroidTestKotlin
> Task :app:compileDebugAndroidTestKotlin
> Task :app:compileDebugAndroidTestJavaWithJavac UP-TO-DATE
> Task :app:dexBuilderDebugAndroidTest UP-TO-DATE
> Task :app:mergeDebugAndroidTestGlobalSynthetics UP-TO-DATE
> Task :app:processDebugAndroidTestJavaRes UP-TO-DATE
> Task :app:mergeDebugAndroidTestJavaResource UP-TO-DATE
> Task :app:mergeProjectDexDebugAndroidTest UP-TO-DATE
> Task :app:packageDebugAndroidTest UP-TO-DATE
> Task :app:createDebugAndroidTestApkListingFileRedirect UP-TO-DATE
> Task :app:assembleDebugAndroidTest UP-TO-DATE
> Task :app:lintVitalAnalyzeRelease
> Task :app:lintVitalReportRelease UP-TO-DATE
> Task :app:lintVitalRelease
> Task :app:minifyReleaseWithR8
> Task :app:convertShrunkResourcesToBinaryRelease UP-TO-DATE
> Task :app:optimizeReleaseResources UP-TO-DATE
> Task :app:compileReleaseArtProfile
> Task :app:packageRelease
> Task :app:createReleaseApkListingFileRedirect UP-TO-DATE
> Task :app:assembleRelease

[Incubating] Problems report is available at: file:///Users/terry/Desktop/coding/fakexxx-location-readback/apps/qianwangyou/build/reports/problems/problems-report.html

Deprecated Gradle features were used in this build, making it incompatible with Gradle 10.

You can use '--warning-mode all' to show the individual deprecation warnings and determine if they come from your own scripts or plugins.

For more on this, please refer to https://docs.gradle.org/9.3.1/userguide/command_line_interface.html#sec:command_line_warnings in the Gradle documentation.

BUILD SUCCESSFUL in 49s
247 actionable tasks: 42 executed, 205 up-to-date
Consider enabling configuration cache to speed up this build: https://docs.gradle.org/9.3.1/userguide/configuration_cache_enabling.html
